// Jest Snapshot v1, https://goo.gl/fbAQLP

exports[`Intro snapshot renders 1`] = `
Array [
  <div
    className="message"
  >
    <h1>
      task2
    </h1>
  </div>,
  <div
    id="time"
  >
    <h1>
      2:31:55 PM
    </h1>
  </div>,
]
`;
