// Jest Snapshot v1, https://goo.gl/fbAQLP

exports[`Intro snapshot renders 1`] = `null`;

exports[`Intro snapshot renders2 1`] = `null`;
